<?xml version="1.0" encoding="utf-8"?>
<CoverageSession xmlns:xsd="http://www.w3.org/2001/XMLSchema" xmlns:xsi="http://www.w3.org/2001/XMLSchema-instance" Version="4.7.922.0">
  <Summary numSequencePoints="0" visitedSequencePoints="0" numBranchPoints="0" visitedBranchPoints="0" sequenceCoverage="0" branchCoverage="0" maxCyclomaticComplexity="0" minCyclomaticComplexity="0" maxCrapScore="0" minCrapScore="0" visitedClasses="0" numClasses="0" visitedMethods="0" numMethods="0" />
  <Modules>
    <Module skippedDueTo="Filter" hash="69-FD-FC-EE-09-0A-62-08-F1-5E-00-4D-EF-D4-97-C3-2D-00-E2-D8">
      <ModulePath>C:\Windows\Microsoft.Net\assembly\GAC_32\mscorlib\v4.0_4.0.0.0__b77a5c561934e089\mscorlib.dll</ModulePath>
      <ModuleTime>2018-12-11T02:30:05.5630326Z</ModuleTime>
      <ModuleName>mscorlib</ModuleName>
      <Classes />
    </Module>
    <Module skippedDueTo="MissingPdb" hash="34-37-1D-D7-24-F4-70-DA-B2-C0-49-65-ED-62-71-33-A7-AD-77-36">
      <ModulePath>C:\Program Files (x86)\Microsoft Visual Studio\2017\Community\Common7\IDE\MSTest.exe</ModulePath>
      <ModuleTime>2018-12-18T08:38:02.3353286Z</ModuleTime>
      <ModuleName>MSTest</ModuleName>
      <Classes />
    </Module>
    <Module skippedDueTo="MissingPdb" hash="55-E0-1B-76-A0-3D-AC-19-E4-0B-1E-23-5F-39-F8-93-2B-0C-79-11">
      <ModulePath>C:\Program Files (x86)\Microsoft Visual Studio\2017\Community\Common7\IDE\PublicAssemblies\Microsoft.VisualStudio.QualityTools.Common.dll</ModulePath>
      <ModuleTime>2018-12-18T08:38:02.3353286Z</ModuleTime>
      <ModuleName>Microsoft.VisualStudio.QualityTools.Common</ModuleName>
      <Classes />
    </Module>
    <Module skippedDueTo="Filter" hash="7A-24-3E-D9-15-32-FC-F3-C0-F1-06-F7-A8-6E-47-12-9D-C1-3B-52">
      <ModulePath>C:\Windows\Microsoft.Net\assembly\GAC_MSIL\System\v4.0_4.0.0.0__b77a5c561934e089\System.dll</ModulePath>
      <ModuleTime>2019-01-08T03:06:26.0275995Z</ModuleTime>
      <ModuleName>System</ModuleName>
      <Classes />
    </Module>
    <Module skippedDueTo="MissingPdb" hash="31-C3-C6-44-A9-F2-79-98-68-38-C5-89-8E-4D-FA-1F-89-C1-8E-40">
      <ModulePath>C:\Program Files (x86)\Microsoft Visual Studio\2017\Community\Common7\IDE\PublicAssemblies\Microsoft.VisualStudio.QualityTools.ExecutionCommon.dll</ModulePath>
      <ModuleTime>2018-12-18T08:38:02.3353286Z</ModuleTime>
      <ModuleName>Microsoft.VisualStudio.QualityTools.ExecutionCommon</ModuleName>
      <Classes />
    </Module>
    <Module skippedDueTo="MissingPdb" hash="63-D0-A3-00-A4-34-41-BF-A3-FA-8E-33-AD-87-1B-F5-12-32-09-76">
      <ModulePath>C:\Program Files (x86)\Microsoft Visual Studio\2017\Community\Common7\IDE\PrivateAssemblies\Microsoft.VisualStudio.QualityTools.Resource.dll</ModulePath>
      <ModuleTime>2018-12-18T08:38:02.3353286Z</ModuleTime>
      <ModuleName>Microsoft.VisualStudio.QualityTools.Resource</ModuleName>
      <Classes />
    </Module>
    <Module skippedDueTo="Filter" hash="2A-F4-1C-14-5D-7A-74-B3-03-8B-1D-2A-59-DC-B6-BE-1D-C8-EF-54">
      <ModulePath>C:\Windows\Microsoft.Net\assembly\GAC_MSIL\System.Configuration\v4.0_4.0.0.0__b03f5f7f11d50a3a\System.Configuration.dll</ModulePath>
      <ModuleTime>2018-04-11T23:35:16.9508953Z</ModuleTime>
      <ModuleName>System.Configuration</ModuleName>
      <Classes />
    </Module>
    <Module skippedDueTo="Filter" hash="F2-26-5B-FA-55-E9-5B-BC-DD-3A-32-56-2C-38-71-11-1A-8E-6D-32">
      <ModulePath>C:\Windows\Microsoft.Net\assembly\GAC_MSIL\System.Xml\v4.0_4.0.0.0__b77a5c561934e089\System.Xml.dll</ModulePath>
      <ModuleTime>2018-04-11T23:35:17.0290261Z</ModuleTime>
      <ModuleName>System.Xml</ModuleName>
      <Classes />
    </Module>
    <Module skippedDueTo="MissingPdb" hash="8D-05-94-9B-C0-37-FC-20-A2-09-FB-A3-0C-1E-A6-A9-4E-76-2A-89">
      <ModulePath>C:\Program Files (x86)\Microsoft Visual Studio\2017\Community\Common7\IDE\PrivateAssemblies\Microsoft.VisualStudio.QualityTools.CommandLine.dll</ModulePath>
      <ModuleTime>2018-12-18T08:38:02.3353286Z</ModuleTime>
      <ModuleName>Microsoft.VisualStudio.QualityTools.CommandLine</ModuleName>
      <Classes />
    </Module>
    <Module skippedDueTo="MissingPdb" hash="02-78-5F-76-A4-08-C3-7A-25-ED-11-C9-71-AE-0F-5D-76-0F-05-5B">
      <ModulePath>C:\Program Files (x86)\Microsoft Visual Studio\2017\Community\Common7\IDE\PrivateAssemblies\fr\Microsoft.VisualStudio.QualityTools.Resource.resources.dll</ModulePath>
      <ModuleTime>2018-12-18T08:38:02.3353286Z</ModuleTime>
      <ModuleName>Microsoft.VisualStudio.QualityTools.Resource.resources</ModuleName>
      <Classes />
    </Module>
    <Module skippedDueTo="MissingPdb" hash="9B-7B-48-05-F2-4A-1F-A4-88-15-93-AE-1B-8B-A5-49-FB-7D-82-E1">
      <ModulePath>C:\Program Files (x86)\Microsoft Visual Studio\2017\Community\Common7\IDE\PrivateAssemblies\Microsoft.VisualStudio.QualityTools.TMI.dll</ModulePath>
      <ModuleTime>2018-12-18T08:38:02.3353286Z</ModuleTime>
      <ModuleName>Microsoft.VisualStudio.QualityTools.TMI</ModuleName>
      <Classes />
    </Module>
    <Module skippedDueTo="Filter" hash="33-91-B3-AD-C4-15-1D-0D-B7-A0-09-3D-5B-9A-F7-4A-18-F4-45-0E">
      <ModulePath>C:\Windows\Microsoft.Net\assembly\GAC_MSIL\System.Core\v4.0_4.0.0.0__b77a5c561934e089\System.Core.dll</ModulePath>
      <ModuleTime>2018-12-11T02:30:05.9849098Z</ModuleTime>
      <ModuleName>System.Core</ModuleName>
      <Classes />
    </Module>
  </Modules>
</CoverageSession>